// Jest Snapshot v1, https://goo.gl/fbAQLP

exports[`Dashboard render Update Snapshot 1`] = `<DocumentFragment />`;
