// Jest Snapshot v1, https://goo.gl/fbAQLP

exports[`Chart render Update Snapshot 1`] = `
<DocumentFragment>
  <div
    class="recharts-responsive-container"
    style="width: 100%; height: 100%;"
  />
</DocumentFragment>
`;
